// Jest Snapshot v1, https://goo.gl/fbAQLP

exports[`Child component can use context functions 1`] = `
<ul>
  <li>
    <h1>
      gettext:
    </h1>
    <span>
      7[|UyK-%T\`CKw-%j $1/6XTzdd(8+cY,/JCngNVv+wQO6NAv:+^=4GA[,+G@^GI&lt;
    </span>
  </li>
  <li>
    <h1>
      xgettext:
    </h1>
    <span>
      T6%(h7m%J*O(Bm6!FiRk0 9;V]r\`kPz-ROW7E8*t.Aki9}j=hU9xfU8X|.7wEuZ0
    </span>
  </li>
  <li>
    <h1>
      ngettext:
    </h1>
    <span>
      ZgcaUXD7&lt;qhRY#&gt;A~@-\`y2%xm@t{TLsN1LvUL\`6zamv|e}G|rY\`ms-|aMxn#_2f{
    </span>
  </li>
</ul>
`;
